********* Start testing of TestUiShell *********
Config: Using QtTest library 6.11.2, Qt 6.11.2 (x86_64-little_endian-lp64 shared (dynamic) release build; by GCC 16.2.1 20260810), cachyos unknown
QINFO  : TestUiShell::initTestCase() paleo: vendored fonts registered (Noto Sans SC + JetBrains Mono)
QWARN  : TestUiShell::initTestCase() QOpenGLWidget is not supported on this platform.
PASS   : TestUiShell::initTestCase()
QWARN  : TestUiShell::workflowAuditSnapshots() QFSFileEngine::open: No file name specified
proj_as_proj_string: Object type not exportable to PROJ
proj_as_proj_string: Object type not exportable to PROJ
proj_get_ellipsoid: CRS has no geodetic CRS
proj_get_ellipsoid: Object is not a CRS or GeodeticReferenceFrame
QINFO  : TestUiShell::workflowAuditSnapshots() paleo: vendored fonts registered (Noto Sans SC + JetBrains Mono)
QINFO  : TestUiShell::workflowAuditSnapshots() paleo: vendored fonts registered (Noto Sans SC + JetBrains Mono)
QINFO  : TestUiShell::workflowAuditSnapshots() paleo: vendored fonts registered (Noto Sans SC + JetBrains Mono)
PASS   : TestUiShell::workflowAuditSnapshots()
proj_as_proj_string: Object type not exportable to PROJ
proj_as_proj_string: Object type not exportable to PROJ
proj_get_ellipsoid: CRS has no geodetic CRS
proj_get_ellipsoid: Object is not a CRS or GeodeticReferenceFrame
proj_as_proj_string: Object type not exportable to PROJ
proj_as_proj_string: Object type not exportable to PROJ
QINFO  : TestUiShell::secondarySurfaceAuditSnapshots() paleo: vendored fonts registered (Noto Sans SC + JetBrains Mono)
QWARN  : TestUiShell::secondarySurfaceAuditSnapshots() This plugin does not support propagateSizeHints()
QWARN  : TestUiShell::secondarySurfaceAuditSnapshots() This plugin does not support propagateSizeHints()
QWARN  : TestUiShell::secondarySurfaceAuditSnapshots() This plugin does not support propagateSizeHints()
QWARN  : TestUiShell::secondarySurfaceAuditSnapshots() This plugin does not support propagateSizeHints()
QWARN  : TestUiShell::secondarySurfaceAuditSnapshots() This plugin does not support propagateSizeHints()
QWARN  : TestUiShell::secondarySurfaceAuditSnapshots() This plugin does not support propagateSizeHints()
QWARN  : TestUiShell::secondarySurfaceAuditSnapshots() This plugin does not support propagateSizeHints()
QWARN  : TestUiShell::secondarySurfaceAuditSnapshots() This plugin does not support propagateSizeHints()
QWARN  : TestUiShell::secondarySurfaceAuditSnapshots() This plugin does not support propagateSizeHints()
QWARN  : TestUiShell::secondarySurfaceAuditSnapshots() This plugin does not support propagateSizeHints()
QWARN  : TestUiShell::secondarySurfaceAuditSnapshots() This plugin does not support propagateSizeHints()
QWARN  : TestUiShell::secondarySurfaceAuditSnapshots() This plugin does not support propagateSizeHints()
QINFO  : TestUiShell::secondarySurfaceAuditSnapshots() paleo: vendored fonts registered (Noto Sans SC + JetBrains Mono)
QINFO  : TestUiShell::secondarySurfaceAuditSnapshots() paleo: vendored fonts registered (Noto Sans SC + JetBrains Mono)
PASS   : TestUiShell::secondarySurfaceAuditSnapshots()
QINFO  : TestUiShell::visualPolishChartSnapshots() paleo: vendored fonts registered (Noto Sans SC + JetBrains Mono)
QINFO  : TestUiShell::visualPolishChartSnapshots() paleo: vendored fonts registered (Noto Sans SC + JetBrains Mono)
QINFO  : TestUiShell::visualPolishChartSnapshots() paleo: vendored fonts registered (Noto Sans SC + JetBrains Mono)
QINFO  : TestUiShell::visualPolishChartSnapshots() paleo: vendored fonts registered (Noto Sans SC + JetBrains Mono)
QWARN  : TestUiShell::visualPolishChartSnapshots() This plugin does not support propagateSizeHints()
QINFO  : TestUiShell::visualPolishChartSnapshots() paleo: vendored fonts registered (Noto Sans SC + JetBrains Mono)
QINFO  : TestUiShell::visualPolishChartSnapshots() paleo: vendored fonts registered (Noto Sans SC + JetBrains Mono)
QWARN  : TestUiShell::visualPolishChartSnapshots() This plugin does not support propagateSizeHints()
QINFO  : TestUiShell::visualPolishChartSnapshots() paleo: vendored fonts registered (Noto Sans SC + JetBrains Mono)
QINFO  : TestUiShell::visualPolishChartSnapshots() paleo: vendored fonts registered (Noto Sans SC + JetBrains Mono)
QWARN  : TestUiShell::visualPolishChartSnapshots() This plugin does not support propagateSizeHints()
QINFO  : TestUiShell::visualPolishChartSnapshots() paleo: vendored fonts registered (Noto Sans SC + JetBrains Mono)
QWARN  : TestUiShell::visualPolishChartSnapshots() This plugin does not support propagateSizeHints()
QINFO  : TestUiShell::visualPolishChartSnapshots() paleo: vendored fonts registered (Noto Sans SC + JetBrains Mono)
QWARN  : TestUiShell::visualPolishChartSnapshots() This plugin does not support propagateSizeHints()
QWARN  : TestUiShell::visualPolishChartSnapshots() This plugin does not support propagateSizeHints()
QINFO  : TestUiShell::visualPolishChartSnapshots() paleo: vendored fonts registered (Noto Sans SC + JetBrains Mono)
QINFO  : TestUiShell::visualPolishChartSnapshots() paleo: vendored fonts registered (Noto Sans SC + JetBrains Mono)
QINFO  : TestUiShell::visualPolishChartSnapshots() paleo: vendored fonts registered (Noto Sans SC + JetBrains Mono)
QINFO  : TestUiShell::visualPolishChartSnapshots() paleo: vendored fonts registered (Noto Sans SC + JetBrains Mono)
QWARN  : TestUiShell::visualPolishChartSnapshots() This plugin does not support propagateSizeHints()
QINFO  : TestUiShell::visualPolishChartSnapshots() paleo: vendored fonts registered (Noto Sans SC + JetBrains Mono)
QWARN  : TestUiShell::visualPolishChartSnapshots() This plugin does not support propagateSizeHints()
QINFO  : TestUiShell::visualPolishChartSnapshots() paleo: vendored fonts registered (Noto Sans SC + JetBrains Mono)
PASS   : TestUiShell::visualPolishChartSnapshots()
QWARN  : TestUiShell::additionalVisualPolishSnapshots() This plugin does not support propagateSizeHints()
QINFO  : TestUiShell::additionalVisualPolishSnapshots() paleo: vendored fonts registered (Noto Sans SC + JetBrains Mono)
QINFO  : TestUiShell::additionalVisualPolishSnapshots() paleo: vendored fonts registered (Noto Sans SC + JetBrains Mono)
QWARN  : TestUiShell::additionalVisualPolishSnapshots() This plugin does not support propagateSizeHints()
QINFO  : TestUiShell::additionalVisualPolishSnapshots() paleo: vendored fonts registered (Noto Sans SC + JetBrains Mono)
QINFO  : TestUiShell::additionalVisualPolishSnapshots() paleo: vendored fonts registered (Noto Sans SC + JetBrains Mono)
QWARN  : TestUiShell::additionalVisualPolishSnapshots() This plugin does not support propagateSizeHints()
QINFO  : TestUiShell::additionalVisualPolishSnapshots() paleo: vendored fonts registered (Noto Sans SC + JetBrains Mono)
QWARN  : TestUiShell::additionalVisualPolishSnapshots() This plugin does not support propagateSizeHints()
QINFO  : TestUiShell::additionalVisualPolishSnapshots() paleo: vendored fonts registered (Noto Sans SC + JetBrains Mono)
QWARN  : TestUiShell::additionalVisualPolishSnapshots() This plugin does not support propagateSizeHints()
QINFO  : TestUiShell::additionalVisualPolishSnapshots() paleo: vendored fonts registered (Noto Sans SC + JetBrains Mono)
QINFO  : TestUiShell::additionalVisualPolishSnapshots() paleo: vendored fonts registered (Noto Sans SC + JetBrains Mono)
QWARN  : TestUiShell::additionalVisualPolishSnapshots() This plugin does not support propagateSizeHints()
QINFO  : TestUiShell::additionalVisualPolishSnapshots() paleo: vendored fonts registered (Noto Sans SC + JetBrains Mono)
QINFO  : TestUiShell::additionalVisualPolishSnapshots() paleo: vendored fonts registered (Noto Sans SC + JetBrains Mono)
QWARN  : TestUiShell::additionalVisualPolishSnapshots() This plugin does not support propagateSizeHints()
QINFO  : TestUiShell::additionalVisualPolishSnapshots() paleo: vendored fonts registered (Noto Sans SC + JetBrains Mono)
QWARN  : TestUiShell::additionalVisualPolishSnapshots() This plugin does not support propagateSizeHints()
QINFO  : TestUiShell::additionalVisualPolishSnapshots() paleo: vendored fonts registered (Noto Sans SC + JetBrains Mono)
QWARN  : TestUiShell::additionalVisualPolishSnapshots() This plugin does not support propagateSizeHints()
QINFO  : TestUiShell::additionalVisualPolishSnapshots() paleo: vendored fonts registered (Noto Sans SC + JetBrains Mono)
QWARN  : TestUiShell::additionalVisualPolishSnapshots() This plugin does not support propagateSizeHints()
QINFO  : TestUiShell::additionalVisualPolishSnapshots() paleo: vendored fonts registered (Noto Sans SC + JetBrains Mono)
QWARN  : TestUiShell::additionalVisualPolishSnapshots() This plugin does not support propagateSizeHints()
QINFO  : TestUiShell::additionalVisualPolishSnapshots() paleo: vendored fonts registered (Noto Sans SC + JetBrains Mono)
QWARN  : TestUiShell::additionalVisualPolishSnapshots() This plugin does not support propagateSizeHints()
QINFO  : TestUiShell::additionalVisualPolishSnapshots() paleo: vendored fonts registered (Noto Sans SC + JetBrains Mono)
QWARN  : TestUiShell::additionalVisualPolishSnapshots() This plugin does not support propagateSizeHints()
QINFO  : TestUiShell::additionalVisualPolishSnapshots() paleo: vendored fonts registered (Noto Sans SC + JetBrains Mono)
QWARN  : TestUiShell::additionalVisualPolishSnapshots() This plugin does not support propagateSizeHints()
QINFO  : TestUiShell::additionalVisualPolishSnapshots() paleo: vendored fonts registered (Noto Sans SC + JetBrains Mono)
QWARN  : TestUiShell::additionalVisualPolishSnapshots() This plugin does not support propagateSizeHints()
QINFO  : TestUiShell::additionalVisualPolishSnapshots() paleo: vendored fonts registered (Noto Sans SC + JetBrains Mono)
QWARN  : TestUiShell::additionalVisualPolishSnapshots() This plugin does not support propagateSizeHints()
QINFO  : TestUiShell::additionalVisualPolishSnapshots() paleo: vendored fonts registered (Noto Sans SC + JetBrains Mono)
QWARN  : TestUiShell::additionalVisualPolishSnapshots() This plugin does not support propagateSizeHints()
QINFO  : TestUiShell::additionalVisualPolishSnapshots() paleo: vendored fonts registered (Noto Sans SC + JetBrains Mono)
QWARN  : TestUiShell::additionalVisualPolishSnapshots() This plugin does not support propagateSizeHints()
QINFO  : TestUiShell::additionalVisualPolishSnapshots() paleo: vendored fonts registered (Noto Sans SC + JetBrains Mono)
QWARN  : TestUiShell::additionalVisualPolishSnapshots() This plugin does not support propagateSizeHints()
QINFO  : TestUiShell::additionalVisualPolishSnapshots() paleo: vendored fonts registered (Noto Sans SC + JetBrains Mono)
QWARN  : TestUiShell::additionalVisualPolishSnapshots() This plugin does not support propagateSizeHints()
QINFO  : TestUiShell::additionalVisualPolishSnapshots() paleo: vendored fonts registered (Noto Sans SC + JetBrains Mono)
QINFO  : TestUiShell::additionalVisualPolishSnapshots() paleo: vendored fonts registered (Noto Sans SC + JetBrains Mono)
QINFO  : TestUiShell::additionalVisualPolishSnapshots() paleo: vendored fonts registered (Noto Sans SC + JetBrains Mono)
QWARN  : TestUiShell::additionalVisualPolishSnapshots() This plugin does not support propagateSizeHints()
QINFO  : TestUiShell::additionalVisualPolishSnapshots() paleo: vendored fonts registered (Noto Sans SC + JetBrains Mono)
QINFO  : TestUiShell::additionalVisualPolishSnapshots() paleo: vendored fonts registered (Noto Sans SC + JetBrains Mono)
QINFO  : TestUiShell::additionalVisualPolishSnapshots() paleo: vendored fonts registered (Noto Sans SC + JetBrains Mono)
QINFO  : TestUiShell::additionalVisualPolishSnapshots() paleo: vendored fonts registered (Noto Sans SC + JetBrains Mono)
QINFO  : TestUiShell::additionalVisualPolishSnapshots() paleo: vendored fonts registered (Noto Sans SC + JetBrains Mono)
QINFO  : TestUiShell::additionalVisualPolishSnapshots() paleo: vendored fonts registered (Noto Sans SC + JetBrains Mono)
QINFO  : TestUiShell::additionalVisualPolishSnapshots() paleo: vendored fonts registered (Noto Sans SC + JetBrains Mono)
QINFO  : TestUiShell::additionalVisualPolishSnapshots() paleo: vendored fonts registered (Noto Sans SC + JetBrains Mono)
QINFO  : TestUiShell::additionalVisualPolishSnapshots() paleo: vendored fonts registered (Noto Sans SC + JetBrains Mono)
QINFO  : TestUiShell::additionalVisualPolishSnapshots() paleo: vendored fonts registered (Noto Sans SC + JetBrains Mono)
QINFO  : TestUiShell::additionalVisualPolishSnapshots() paleo: vendored fonts registered (Noto Sans SC + JetBrains Mono)
QINFO  : TestUiShell::additionalVisualPolishSnapshots() paleo: vendored fonts registered (Noto Sans SC + JetBrains Mono)
PASS   : TestUiShell::additionalVisualPolishSnapshots()
QWARN  : TestUiShell::dataOpsVisualPolishSnapshots() This plugin does not support propagateSizeHints()
QWARN  : TestUiShell::dataOpsVisualPolishSnapshots() This plugin does not support raise()
QINFO  : TestUiShell::dataOpsVisualPolishSnapshots() paleo: vendored fonts registered (Noto Sans SC + JetBrains Mono)
QWARN  : TestUiShell::dataOpsVisualPolishSnapshots() This plugin does not support propagateSizeHints()
QINFO  : TestUiShell::dataOpsVisualPolishSnapshots() paleo: vendored fonts registered (Noto Sans SC + JetBrains Mono)
QWARN  : TestUiShell::dataOpsVisualPolishSnapshots() This plugin does not support propagateSizeHints()
QINFO  : TestUiShell::dataOpsVisualPolishSnapshots() paleo: vendored fonts registered (Noto Sans SC + JetBrains Mono)
QWARN  : TestUiShell::dataOpsVisualPolishSnapshots() This plugin does not support propagateSizeHints()
QINFO  : TestUiShell::dataOpsVisualPolishSnapshots() paleo: vendored fonts registered (Noto Sans SC + JetBrains Mono)
QWARN  : TestUiShell::dataOpsVisualPolishSnapshots() This plugin does not support propagateSizeHints()
QINFO  : TestUiShell::dataOpsVisualPolishSnapshots() paleo: vendored fonts registered (Noto Sans SC + JetBrains Mono)
QWARN  : TestUiShell::dataOpsVisualPolishSnapshots() This plugin does not support propagateSizeHints()
QWARN  : TestUiShell::dataOpsVisualPolishSnapshots() This plugin does not support propagateSizeHints()
QWARN  : TestUiShell::dataOpsVisualPolishSnapshots() This plugin does not support propagateSizeHints()
QWARN  : TestUiShell::dataOpsVisualPolishSnapshots() This plugin does not support propagateSizeHints()
QWARN  : TestUiShell::dataOpsVisualPolishSnapshots() This plugin does not support propagateSizeHints()
QWARN  : TestUiShell::dataOpsVisualPolishSnapshots() This plugin does not support propagateSizeHints()
QINFO  : TestUiShell::dataOpsVisualPolishSnapshots() paleo: vendored fonts registered (Noto Sans SC + JetBrains Mono)
QWARN  : TestUiShell::dataOpsVisualPolishSnapshots() This plugin does not support propagateSizeHints()
QINFO  : TestUiShell::dataOpsVisualPolishSnapshots() paleo: vendored fonts registered (Noto Sans SC + JetBrains Mono)
QWARN  : TestUiShell::dataOpsVisualPolishSnapshots() This plugin does not support propagateSizeHints()
QINFO  : TestUiShell::dataOpsVisualPolishSnapshots() paleo: vendored fonts registered (Noto Sans SC + JetBrains Mono)
QWARN  : TestUiShell::dataOpsVisualPolishSnapshots() This plugin does not support propagateSizeHints()
QINFO  : TestUiShell::dataOpsVisualPolishSnapshots() paleo: vendored fonts registered (Noto Sans SC + JetBrains Mono)
QINFO  : TestUiShell::dataOpsVisualPolishSnapshots() paleo: vendored fonts registered (Noto Sans SC + JetBrains Mono)
QWARN  : TestUiShell::dataOpsVisualPolishSnapshots() This plugin does not support propagateSizeHints()
QINFO  : TestUiShell::dataOpsVisualPolishSnapshots() paleo: vendored fonts registered (Noto Sans SC + JetBrains Mono)
QWARN  : TestUiShell::dataOpsVisualPolishSnapshots() This plugin does not support propagateSizeHints()
QINFO  : TestUiShell::dataOpsVisualPolishSnapshots() paleo: vendored fonts registered (Noto Sans SC + JetBrains Mono)
PASS   : TestUiShell::dataOpsVisualPolishSnapshots()
PASS   : TestUiShell::cleanupTestCase()
Totals: 7 passed, 0 failed, 0 skipped, 0 blacklisted, 235289ms
********* Finished testing of TestUiShell *********
